// Jest Snapshot v1, https://jestjs.io/docs/snapshot-testing

exports[`Tables component matches snapshot 1`] = `
<DocumentFragment>
  <div
    class="flex"
  >
    <div>
      <button
        style="margin: 2px; padding: 0.5rem 1rem; background-color: rgb(51, 51, 51); color: rgb(255, 255, 255); border-radius: 5px; cursor: pointer;"
      >
        Home
      </button>
    </div>
    <div>
      <button
        style="margin: 2px; padding: 0.5rem 1rem; background-color: rgb(204, 204, 204); color: rgb(0, 0, 0); border-radius: 5px; cursor: pointer;"
      >
        Sobre
      </button>
    </div>
    <div>
      <button
        style="margin: 2px; padding: 0.5rem 1rem; background-color: rgb(204, 204, 204); color: rgb(0, 0, 0); border-radius: 5px; cursor: pointer;"
      >
        main
      </button>
    </div>
    <div>
      <button
        style="margin: 2px; padding: 0.5rem 1rem; background-color: rgb(204, 204, 204); color: rgb(0, 0, 0); border-radius: 5px; cursor: pointer;"
      >
        Footer
      </button>
    </div>
  </div>
  <section
    class="flex flex-col"
  >
    Bem vindo a pagina home!
  </section>
</DocumentFragment>
`;
